[16-Jan-2026 07:05:56 Europe/Berlin] Prescription save input: {"action":"save_prescription","consultation_id":"24","patient_id":"6","icd_code":"j00","diagnosis":"fsgjl","medicines":[{"name":"bssls","dosage":"100","frequency":"8","duration":"7","quantity":"1","instructions":""}],"tests":[],"follow_up_date":"2026-01-29","notes_for_patient":"follow","notes_for_pharmacy":"follow"}
[16-Jan-2026 07:05:56 Europe/Berlin] Prescription created with ID: 6
[16-Jan-2026 07:05:56 Europe/Berlin] PHP Fatal error:  Uncaught Error: mysqli_stmt::bind_param(): Argument #7 cannot be passed by reference in C:\xampp\htdocs\MedConnect\doctor_api.php:412
Stack trace:
#0 {main}
  thrown in C:\xampp\htdocs\MedConnect\doctor_api.php on line 412
[16-Jan-2026 07:11:43 Europe/Berlin] Prescription save input: {"action":"save_prescription","consultation_id":"24","patient_id":"6","icd_code":"j00","diagnosis":"bkghl","medicines":[{"name":"fgjhkg","dosage":"100","frequency":"7","duration":"6","quantity":"1","instructions":""}],"tests":[],"follow_up_date":"2026-01-17","notes_for_patient":"follow","notes_for_pharmacy":"folow"}
[16-Jan-2026 07:11:43 Europe/Berlin] Prescription created with ID: 7
[16-Jan-2026 07:11:43 Europe/Berlin] PHP Fatal error:  Uncaught Error: mysqli_stmt::bind_param(): Argument #7 cannot be passed by reference in C:\xampp\htdocs\MedConnect\doctor_api.php:419
Stack trace:
#0 {main}
  thrown in C:\xampp\htdocs\MedConnect\doctor_api.php on line 419
[16-Jan-2026 07:11:43 Europe/Berlin] Prescription save input: {"action":"save_prescription","consultation_id":"24","patient_id":"6","icd_code":"j00","diagnosis":"bkghl","medicines":[{"name":"fgjhkg","dosage":"100","frequency":"7","duration":"6","quantity":"1","instructions":""}],"tests":[],"follow_up_date":"2026-01-17","notes_for_patient":"follow","notes_for_pharmacy":"folow"}
[16-Jan-2026 07:11:43 Europe/Berlin] Prescription created with ID: 8
[16-Jan-2026 07:11:43 Europe/Berlin] PHP Fatal error:  Uncaught Error: mysqli_stmt::bind_param(): Argument #7 cannot be passed by reference in C:\xampp\htdocs\MedConnect\doctor_api.php:419
Stack trace:
#0 {main}
  thrown in C:\xampp\htdocs\MedConnect\doctor_api.php on line 419
[16-Jan-2026 07:14:45 Europe/Berlin] Prescription save input: {"action":"save_prescription","consultation_id":"24","patient_id":"6","icd_code":"j00","diagnosis":"fkjjfld","medicines":[{"name":"cdjfld","dosage":"100","frequency":"7","duration":"3","quantity":"1","instructions":""}],"tests":[],"follow_up_date":"2026-02-06","notes_for_patient":"fejkf","notes_for_pharmacy":"fhkdjl"}
[16-Jan-2026 07:14:45 Europe/Berlin] Prescription created with ID: 9
[16-Jan-2026 07:14:45 Europe/Berlin] PHP Fatal error:  Uncaught Error: mysqli_stmt::bind_param(): Argument #7 cannot be passed by reference in C:\xampp\htdocs\MedConnect\doctor_api.php:419
Stack trace:
#0 {main}
  thrown in C:\xampp\htdocs\MedConnect\doctor_api.php on line 419
[16-Jan-2026 07:16:19 Europe/Berlin] Prescription save input: {"action":"save_prescription","consultation_id":"24","patient_id":"6","icd_code":"j00","diagnosis":"fkjjfld","medicines":[{"name":"cdjfld","dosage":"100","frequency":"7","duration":"3","quantity":"1","instructions":""}],"tests":[],"follow_up_date":"2026-02-06","notes_for_patient":"fejkf","notes_for_pharmacy":"fhkdjl"}
[16-Jan-2026 07:16:19 Europe/Berlin] Prescription created with ID: 10
[16-Jan-2026 07:16:19 Europe/Berlin] PHP Fatal error:  Uncaught Error: mysqli_stmt::bind_param(): Argument #7 cannot be passed by reference in C:\xampp\htdocs\MedConnect\doctor_api.php:419
Stack trace:
#0 {main}
  thrown in C:\xampp\htdocs\MedConnect\doctor_api.php on line 419
[16-Jan-2026 07:16:59 Europe/Berlin] Prescription save input: {"action":"save_prescription","consultation_id":"24","patient_id":"6","icd_code":"j00","diagnosis":"hgrkjg","medicines":[{"name":"rjhgr","dosage":"100","frequency":"8","duration":"7","quantity":"1","instructions":""}],"tests":[],"follow_up_date":"2026-01-31","notes_for_patient":"gr,gj.r","notes_for_pharmacy":"blkggo"}
[16-Jan-2026 07:16:59 Europe/Berlin] Prescription created with ID: 11
[16-Jan-2026 07:16:59 Europe/Berlin] PHP Fatal error:  Uncaught Error: mysqli_stmt::bind_param(): Argument #7 cannot be passed by reference in C:\xampp\htdocs\MedConnect\doctor_api.php:419
Stack trace:
#0 {main}
  thrown in C:\xampp\htdocs\MedConnect\doctor_api.php on line 419
[16-Jan-2026 07:20:23 Europe/Berlin] Prescription save input: {"action":"save_prescription","consultation_id":"24","patient_id":"6","icd_code":"j00","diagnosis":"jjkk","medicines":[{"name":"cjhdfle","dosage":"100","frequency":"4","duration":"9","quantity":"1","instructions":""}],"tests":[],"follow_up_date":"2026-01-17","notes_for_patient":"jkooy","notes_for_pharmacy":"ghiii"}
[16-Jan-2026 07:20:23 Europe/Berlin] Prescription created with ID: 12
[16-Jan-2026 07:20:23 Europe/Berlin] PHP Fatal error:  Uncaught Error: mysqli_stmt::bind_param(): Argument #7 cannot be passed by reference in C:\xampp\htdocs\MedConnect\doctor_api.php:419
Stack trace:
#0 {main}
  thrown in C:\xampp\htdocs\MedConnect\doctor_api.php on line 419
[16-Jan-2026 07:24:44 Europe/Berlin] Prescription save input: {"action":"save_prescription","consultation_id":"24","patient_id":"6","icd_code":"j00","diagnosis":"thhjhfh","medicines":[{"name":"ghjhu","dosage":"100","frequency":"3","duration":"7","quantity":"1","instructions":""}],"tests":[],"follow_up_date":"2026-01-17","notes_for_patient":"ghjj","notes_for_pharmacy":"jfhjihj"}
[16-Jan-2026 07:24:44 Europe/Berlin] Prescription created with ID: 13
[16-Jan-2026 07:24:44 Europe/Berlin] Prescription saved successfully: ID 13
[17-Jan-2026 05:47:31 Europe/Berlin] Prescription save input: {"action":"save_prescription","consultation_id":"69","patient_id":"6","icd_code":"167889","diagnosis":"sgpt","medicines":[{"name":"gkh","dosage":"100","frequency":"3","duration":"7","quantity":"1","instructions":""}],"tests":[],"follow_up_date":"2026-01-16","notes_for_patient":"folow","notes_for_pharmacy":"folow"}
[17-Jan-2026 05:47:31 Europe/Berlin] Prescription created with ID: 14
[17-Jan-2026 05:47:31 Europe/Berlin] Prescription saved successfully: ID 14
[29-Jan-2026 05:03:25 Europe/Berlin] PHP Warning:  mail(): Failed to connect to mailserver at &quot;localhost&quot; port 25, verify your &quot;SMTP&quot; and &quot;smtp_port&quot; setting in php.ini or use ini_set() in C:\xampp\htdocs\MedConnect\notification_service.php on line 75
[29-Jan-2026 05:03:25 Europe/Berlin] Failed to log notification: Cannot add or update a child row: a foreign key constraint fails (`medconnect`.`notification_log`, CONSTRAINT `notification_log_ibfk_1` FOREIGN KEY (`user_id`) REFERENCES `users` (`id`) ON DELETE CASCADE)
[29-Jan-2026 05:03:32 Europe/Berlin] PHP Warning:  mail(): Failed to connect to mailserver at &quot;localhost&quot; port 25, verify your &quot;SMTP&quot; and &quot;smtp_port&quot; setting in php.ini or use ini_set() in C:\xampp\htdocs\MedConnect\notification_service.php on line 75
[29-Jan-2026 05:03:32 Europe/Berlin] Failed to log notification: Cannot add or update a child row: a foreign key constraint fails (`medconnect`.`notification_log`, CONSTRAINT `notification_log_ibfk_1` FOREIGN KEY (`user_id`) REFERENCES `users` (`id`) ON DELETE CASCADE)
[29-Jan-2026 05:09:28 Europe/Berlin] PHP Warning:  mail(): Failed to connect to mailserver at &quot;localhost&quot; port 25, verify your &quot;SMTP&quot; and &quot;smtp_port&quot; setting in php.ini or use ini_set() in C:\xampp\htdocs\MedConnect\notification_service.php on line 75
[29-Jan-2026 05:09:28 Europe/Berlin] Failed to log notification: Cannot add or update a child row: a foreign key constraint fails (`medconnect`.`notification_log`, CONSTRAINT `notification_log_ibfk_1` FOREIGN KEY (`user_id`) REFERENCES `users` (`id`) ON DELETE CASCADE)
[29-Jan-2026 05:09:35 Europe/Berlin] PHP Warning:  mail(): Failed to connect to mailserver at &quot;localhost&quot; port 25, verify your &quot;SMTP&quot; and &quot;smtp_port&quot; setting in php.ini or use ini_set() in C:\xampp\htdocs\MedConnect\notification_service.php on line 75
[29-Jan-2026 05:09:35 Europe/Berlin] Failed to log notification: Cannot add or update a child row: a foreign key constraint fails (`medconnect`.`notification_log`, CONSTRAINT `notification_log_ibfk_1` FOREIGN KEY (`user_id`) REFERENCES `users` (`id`) ON DELETE CASCADE)
[29-Jan-2026 05:16:30 Europe/Berlin] PHP Warning:  mail(): Failed to connect to mailserver at &quot;localhost&quot; port 25, verify your &quot;SMTP&quot; and &quot;smtp_port&quot; setting in php.ini or use ini_set() in C:\xampp\htdocs\MedConnect\notification_service.php on line 75
[29-Jan-2026 05:16:30 Europe/Berlin] Failed to log notification: Cannot add or update a child row: a foreign key constraint fails (`medconnect`.`notification_log`, CONSTRAINT `notification_log_ibfk_1` FOREIGN KEY (`user_id`) REFERENCES `users` (`id`) ON DELETE CASCADE)
[29-Jan-2026 05:42:44 Europe/Berlin] PHP Warning:  mail(): Failed to connect to mailserver at &quot;localhost&quot; port 25, verify your &quot;SMTP&quot; and &quot;smtp_port&quot; setting in php.ini or use ini_set() in C:\xampp\htdocs\MedConnect\notification_service.php on line 75
[29-Jan-2026 05:42:44 Europe/Berlin] Failed to log notification: Cannot add or update a child row: a foreign key constraint fails (`medconnect`.`notification_log`, CONSTRAINT `notification_log_ibfk_1` FOREIGN KEY (`user_id`) REFERENCES `users` (`id`) ON DELETE CASCADE)
[29-Jan-2026 05:42:52 Europe/Berlin] PHP Warning:  mail(): Failed to connect to mailserver at &quot;localhost&quot; port 25, verify your &quot;SMTP&quot; and &quot;smtp_port&quot; setting in php.ini or use ini_set() in C:\xampp\htdocs\MedConnect\notification_service.php on line 75
[29-Jan-2026 05:42:52 Europe/Berlin] Failed to log notification: Cannot add or update a child row: a foreign key constraint fails (`medconnect`.`notification_log`, CONSTRAINT `notification_log_ibfk_1` FOREIGN KEY (`user_id`) REFERENCES `users` (`id`) ON DELETE CASCADE)
[29-Jan-2026 05:45:30 Europe/Berlin] PHP Warning:  mail(): Failed to connect to mailserver at &quot;localhost&quot; port 25, verify your &quot;SMTP&quot; and &quot;smtp_port&quot; setting in php.ini or use ini_set() in C:\xampp\htdocs\MedConnect\notification_service.php on line 75
[29-Jan-2026 05:45:30 Europe/Berlin] Failed to log notification: Cannot add or update a child row: a foreign key constraint fails (`medconnect`.`notification_log`, CONSTRAINT `notification_log_ibfk_1` FOREIGN KEY (`user_id`) REFERENCES `users` (`id`) ON DELETE CASCADE)
[29-Jan-2026 05:58:41 Europe/Berlin] PHP Warning:  mail(): Failed to connect to mailserver at &quot;localhost&quot; port 25, verify your &quot;SMTP&quot; and &quot;smtp_port&quot; setting in php.ini or use ini_set() in C:\xampp\htdocs\MedConnect\notification_service.php on line 75
[29-Jan-2026 05:58:41 Europe/Berlin] Failed to log notification: Cannot add or update a child row: a foreign key constraint fails (`medconnect`.`notification_log`, CONSTRAINT `notification_log_ibfk_1` FOREIGN KEY (`user_id`) REFERENCES `users` (`id`) ON DELETE CASCADE)
[29-Jan-2026 09:57:04 Europe/Berlin] Prescription save input: null
[29-Jan-2026 09:57:04 Europe/Berlin] Prescription save error: Missing required fields - consultation_id: 0, patient_id: 0, diagnosis: 
[29-Jan-2026 09:57:19 Europe/Berlin] Prescription save input: null
[29-Jan-2026 09:57:19 Europe/Berlin] Prescription save error: Missing required fields - consultation_id: 0, patient_id: 0, diagnosis: 
[29-Jan-2026 09:57:34 Europe/Berlin] Prescription save input: null
[29-Jan-2026 09:57:34 Europe/Berlin] Prescription save error: Missing required fields - consultation_id: 0, patient_id: 0, diagnosis: 
[31-Jan-2026 04:32:05 Europe/Berlin] Prescription save input: {"action":"save_prescription","consultation_id":"21","patient_id":"2","icd_code":"fnrk","diagnosis":"blod test","medicines":[{"name":"hwkjh","dosage":"100","frequency":"7","duration":"7","quantity":"1","instructions":""}],"tests":[],"follow_up_date":"2026-01-30","notes_for_patient":"follow","notes_for_pharmacy":"pls route this"}
[31-Jan-2026 04:32:05 Europe/Berlin] Prescription created with ID: 1
[31-Jan-2026 04:32:05 Europe/Berlin] Prescription saved successfully: ID 1
[31-Jan-2026 05:53:00 Europe/Berlin] Prescription save input: null
[31-Jan-2026 05:53:00 Europe/Berlin] Prescription save error: Missing required fields - consultation_id: 0, patient_id: 0, diagnosis: 
[31-Jan-2026 05:53:11 Europe/Berlin] Prescription save input: null
[31-Jan-2026 05:53:11 Europe/Berlin] Prescription save error: Missing required fields - consultation_id: 0, patient_id: 0, diagnosis: 
[31-Jan-2026 05:55:26 Europe/Berlin] Prescription save input: {"action":"save_prescription","consultation_id":"27","patient_id":"2","icd_code":"hjmjtjijl","diagnosis":"need chevkups","medicines":[{"name":"cjhdfle","dosage":"100","frequency":"3","duration":"9","quantity":"1","instructions":""}],"tests":[],"follow_up_date":"2026-01-24","notes_for_patient":"ghkko","notes_for_pharmacy":"hjk"}
[31-Jan-2026 05:55:26 Europe/Berlin] Prescription created with ID: 2
[31-Jan-2026 05:55:26 Europe/Berlin] Prescription saved successfully: ID 2
[31-Jan-2026 06:19:59 Europe/Berlin] PHP Warning:  mail(): Failed to connect to mailserver at &quot;localhost&quot; port 25, verify your &quot;SMTP&quot; and &quot;smtp_port&quot; setting in php.ini or use ini_set() in C:\xampp\htdocs\MedConnect\notification_service.php on line 75
[31-Jan-2026 06:19:59 Europe/Berlin] Failed to log notification: Cannot add or update a child row: a foreign key constraint fails (`medconnect`.`notification_log`, CONSTRAINT `notification_log_ibfk_1` FOREIGN KEY (`user_id`) REFERENCES `users` (`id`) ON DELETE CASCADE)
[31-Jan-2026 06:20:06 Europe/Berlin] PHP Warning:  mail(): Failed to connect to mailserver at &quot;localhost&quot; port 25, verify your &quot;SMTP&quot; and &quot;smtp_port&quot; setting in php.ini or use ini_set() in C:\xampp\htdocs\MedConnect\notification_service.php on line 75
[31-Jan-2026 06:20:06 Europe/Berlin] Failed to log notification: Cannot add or update a child row: a foreign key constraint fails (`medconnect`.`notification_log`, CONSTRAINT `notification_log_ibfk_1` FOREIGN KEY (`user_id`) REFERENCES `users` (`id`) ON DELETE CASCADE)
[31-Jan-2026 06:20:14 Europe/Berlin] PHP Warning:  mail(): Failed to connect to mailserver at &quot;localhost&quot; port 25, verify your &quot;SMTP&quot; and &quot;smtp_port&quot; setting in php.ini or use ini_set() in C:\xampp\htdocs\MedConnect\notification_service.php on line 75
[31-Jan-2026 06:20:14 Europe/Berlin] Failed to log notification: Cannot add or update a child row: a foreign key constraint fails (`medconnect`.`notification_log`, CONSTRAINT `notification_log_ibfk_1` FOREIGN KEY (`user_id`) REFERENCES `users` (`id`) ON DELETE CASCADE)
[31-Jan-2026 06:20:21 Europe/Berlin] PHP Warning:  mail(): Failed to connect to mailserver at &quot;localhost&quot; port 25, verify your &quot;SMTP&quot; and &quot;smtp_port&quot; setting in php.ini or use ini_set() in C:\xampp\htdocs\MedConnect\notification_service.php on line 75
[31-Jan-2026 06:20:21 Europe/Berlin] Failed to log notification: Cannot add or update a child row: a foreign key constraint fails (`medconnect`.`notification_log`, CONSTRAINT `notification_log_ibfk_1` FOREIGN KEY (`user_id`) REFERENCES `users` (`id`) ON DELETE CASCADE)
[31-Jan-2026 06:28:48 Europe/Berlin] PHP Warning:  mail(): Failed to connect to mailserver at &quot;localhost&quot; port 25, verify your &quot;SMTP&quot; and &quot;smtp_port&quot; setting in php.ini or use ini_set() in C:\xampp\htdocs\MedConnect\notification_service.php on line 75
[31-Jan-2026 06:28:48 Europe/Berlin] Failed to log notification: Cannot add or update a child row: a foreign key constraint fails (`medconnect`.`notification_log`, CONSTRAINT `notification_log_ibfk_1` FOREIGN KEY (`user_id`) REFERENCES `users` (`id`) ON DELETE CASCADE)
[03-Feb-2026 12:28:32 Europe/Berlin] Prescription save input: null
[03-Feb-2026 12:28:32 Europe/Berlin] Prescription save error: Missing required fields - consultation_id: 0, patient_id: 0, diagnosis: 
[03-Feb-2026 12:28:37 Europe/Berlin] Prescription save input: null
[03-Feb-2026 12:28:37 Europe/Berlin] Prescription save error: Missing required fields - consultation_id: 0, patient_id: 0, diagnosis: 
[03-Feb-2026 12:34:08 Europe/Berlin] Prescription save input: {"consultation_id":50,"patient_id":26,"diagnosis":"blood test","medicines":[{"name":"paracetamol","dosage":"500","frequency":"Once Daily","duration":"5","instructions":"after food","quantity":1}],"tests":[],"follow_up_date":null,"notes_for_patient":"after food","notes_for_pharmacy":""}
[03-Feb-2026 12:34:10 Europe/Berlin] Prescription created with ID: 3
[03-Feb-2026 12:34:20 Europe/Berlin] Prescription saved successfully: ID 3
[03-Feb-2026 12:34:22 Europe/Berlin] Prescription save input: {"consultation_id":50,"patient_id":26,"diagnosis":"blood test","medicines":[{"name":"paracetamol","dosage":"500","frequency":"Once Daily","duration":"5","instructions":"after food","quantity":1}],"tests":[],"follow_up_date":null,"notes_for_patient":"after food","notes_for_pharmacy":""}
[03-Feb-2026 12:34:24 Europe/Berlin] Prescription created with ID: 4
[03-Feb-2026 12:34:24 Europe/Berlin] Prescription saved successfully: ID 4
[03-Feb-2026 12:34:24 Europe/Berlin] Prescription save input: {"consultation_id":50,"patient_id":26,"diagnosis":"blood test","medicines":[{"name":"paracetamol","dosage":"500","frequency":"Once Daily","duration":"5","instructions":"after food","quantity":1}],"tests":[],"follow_up_date":null,"notes_for_patient":"after food","notes_for_pharmacy":""}
[03-Feb-2026 12:34:24 Europe/Berlin] Prescription created with ID: 5
[03-Feb-2026 12:34:24 Europe/Berlin] Prescription saved successfully: ID 5
[03-Feb-2026 12:34:24 Europe/Berlin] Prescription save input: {"consultation_id":50,"patient_id":26,"diagnosis":"blood test","medicines":[{"name":"paracetamol","dosage":"500","frequency":"Once Daily","duration":"5","instructions":"after food","quantity":1}],"tests":[],"follow_up_date":null,"notes_for_patient":"after food","notes_for_pharmacy":""}
[03-Feb-2026 12:34:24 Europe/Berlin] Prescription created with ID: 6
[03-Feb-2026 12:34:24 Europe/Berlin] Prescription saved successfully: ID 6
[03-Feb-2026 12:34:24 Europe/Berlin] Prescription save input: {"consultation_id":50,"patient_id":26,"diagnosis":"blood test","medicines":[{"name":"paracetamol","dosage":"500","frequency":"Once Daily","duration":"5","instructions":"after food","quantity":1}],"tests":[],"follow_up_date":null,"notes_for_patient":"after food","notes_for_pharmacy":""}
[03-Feb-2026 12:34:24 Europe/Berlin] Prescription created with ID: 7
[03-Feb-2026 12:34:24 Europe/Berlin] Prescription saved successfully: ID 7
[03-Feb-2026 12:34:24 Europe/Berlin] Prescription save input: {"consultation_id":50,"patient_id":26,"diagnosis":"blood test","medicines":[{"name":"paracetamol","dosage":"500","frequency":"Once Daily","duration":"5","instructions":"after food","quantity":1}],"tests":[],"follow_up_date":null,"notes_for_patient":"after food","notes_for_pharmacy":""}
[03-Feb-2026 12:34:24 Europe/Berlin] Prescription created with ID: 8
[03-Feb-2026 12:34:24 Europe/Berlin] Prescription saved successfully: ID 8
[03-Feb-2026 12:34:36 Europe/Berlin] PHP Warning:  mail(): Failed to connect to mailserver at &quot;localhost&quot; port 25, verify your &quot;SMTP&quot; and &quot;smtp_port&quot; setting in php.ini or use ini_set() in C:\xampp\htdocs\MedConnect\notification_service.php on line 75
[03-Feb-2026 12:34:36 Europe/Berlin] Failed to log notification: Cannot add or update a child row: a foreign key constraint fails (`medconnect`.`notification_log`, CONSTRAINT `notification_log_ibfk_1` FOREIGN KEY (`user_id`) REFERENCES `users` (`id`) ON DELETE CASCADE)
[03-Feb-2026 12:47:51 Europe/Berlin] PHP Warning:  mail(): Failed to connect to mailserver at &quot;localhost&quot; port 25, verify your &quot;SMTP&quot; and &quot;smtp_port&quot; setting in php.ini or use ini_set() in C:\xampp\htdocs\MedConnect\notification_service.php on line 75
[03-Feb-2026 12:47:51 Europe/Berlin] Failed to log notification: Cannot add or update a child row: a foreign key constraint fails (`medconnect`.`notification_log`, CONSTRAINT `notification_log_ibfk_1` FOREIGN KEY (`user_id`) REFERENCES `users` (`id`) ON DELETE CASCADE)
[03-Feb-2026 13:30:14 Europe/Berlin] Prescription save input: {"consultation_id":54,"patient_id":26,"diagnosis":"blood test","medicines":[{"name":"isoteritenoin","dosage":"500","frequency":"Once Daily","duration":"5","instructions":"after food","quantity":1}],"tests":[],"follow_up_date":null,"notes_for_patient":"after food","notes_for_pharmacy":""}
[03-Feb-2026 13:30:14 Europe/Berlin] Prescription created with ID: 9
[03-Feb-2026 13:30:14 Europe/Berlin] Prescription saved successfully: ID 9
[03-Feb-2026 13:30:21 Europe/Berlin] PHP Warning:  mail(): Failed to connect to mailserver at &quot;localhost&quot; port 25, verify your &quot;SMTP&quot; and &quot;smtp_port&quot; setting in php.ini or use ini_set() in C:\xampp\htdocs\MedConnect\notification_service.php on line 75
[03-Feb-2026 13:30:21 Europe/Berlin] Failed to log notification: Cannot add or update a child row: a foreign key constraint fails (`medconnect`.`notification_log`, CONSTRAINT `notification_log_ibfk_1` FOREIGN KEY (`user_id`) REFERENCES `users` (`id`) ON DELETE CASCADE)
[03-Feb-2026 14:08:37 Europe/Berlin] Prescription save input: {"consultation_id":55,"patient_id":26,"diagnosis":"blood test","medicines":[{"name":"paracetamol","dosage":"500","frequency":"Once Daily","duration":"5","instructions":"food ,drink","quantity":1}],"tests":[],"follow_up_date":null,"notes_for_patient":"food ,drink","notes_for_pharmacy":""}
[03-Feb-2026 14:08:37 Europe/Berlin] Prescription created with ID: 10
[03-Feb-2026 14:08:37 Europe/Berlin] Prescription saved successfully: ID 10
[03-Feb-2026 14:08:50 Europe/Berlin] PHP Warning:  mail(): Failed to connect to mailserver at &quot;localhost&quot; port 25, verify your &quot;SMTP&quot; and &quot;smtp_port&quot; setting in php.ini or use ini_set() in C:\xampp\htdocs\MedConnect\notification_service.php on line 75
[03-Feb-2026 14:08:50 Europe/Berlin] Failed to log notification: Cannot add or update a child row: a foreign key constraint fails (`medconnect`.`notification_log`, CONSTRAINT `notification_log_ibfk_1` FOREIGN KEY (`user_id`) REFERENCES `users` (`id`) ON DELETE CASCADE)
[03-Feb-2026 15:00:20 Europe/Berlin] Prescription save input: {"consultation_id":53,"patient_id":26,"diagnosis":"need urine test","medicines":[{"name":"isoteritenoin","dosage":"500","frequency":"Once Daily","duration":"5","instructions":"after food","quantity":1}],"tests":[],"follow_up_date":null,"notes_for_patient":"after food","notes_for_pharmacy":""}
[03-Feb-2026 15:00:23 Europe/Berlin] Prescription created with ID: 11
[03-Feb-2026 15:00:23 Europe/Berlin] Prescription saved successfully: ID 11
[03-Feb-2026 15:00:23 Europe/Berlin] Prescription save input: {"consultation_id":53,"patient_id":26,"diagnosis":"need urine test","medicines":[{"name":"isoteritenoin","dosage":"500","frequency":"Once Daily","duration":"5","instructions":"after food","quantity":1}],"tests":[],"follow_up_date":null,"notes_for_patient":"after food","notes_for_pharmacy":""}
[03-Feb-2026 15:00:23 Europe/Berlin] Prescription created with ID: 12
[03-Feb-2026 15:00:24 Europe/Berlin] Prescription saved successfully: ID 12
[03-Feb-2026 15:00:50 Europe/Berlin] PHP Warning:  mail(): Failed to connect to mailserver at &quot;localhost&quot; port 25, verify your &quot;SMTP&quot; and &quot;smtp_port&quot; setting in php.ini or use ini_set() in C:\xampp\htdocs\MedConnect\notification_service.php on line 75
[03-Feb-2026 15:00:50 Europe/Berlin] Failed to log notification: Cannot add or update a child row: a foreign key constraint fails (`medconnect`.`notification_log`, CONSTRAINT `notification_log_ibfk_1` FOREIGN KEY (`user_id`) REFERENCES `users` (`id`) ON DELETE CASCADE)
[07-Feb-2026 04:27:25 Europe/Berlin] PHP Warning:  mail(): Failed to connect to mailserver at &quot;localhost&quot; port 25, verify your &quot;SMTP&quot; and &quot;smtp_port&quot; setting in php.ini or use ini_set() in C:\xampp\htdocs\medconnect\notification_service.php on line 75
[07-Feb-2026 04:27:25 Europe/Berlin] Failed to log notification: Cannot add or update a child row: a foreign key constraint fails (`medconnect`.`notification_log`, CONSTRAINT `notification_log_ibfk_1` FOREIGN KEY (`user_id`) REFERENCES `users` (`id`) ON DELETE CASCADE)
[07-Feb-2026 06:28:13 Europe/Berlin] PHP Warning:  mail(): Failed to connect to mailserver at &quot;localhost&quot; port 25, verify your &quot;SMTP&quot; and &quot;smtp_port&quot; setting in php.ini or use ini_set() in C:\xampp\htdocs\medconnect\notification_service.php on line 75
[07-Feb-2026 06:28:13 Europe/Berlin] Failed to log notification: Cannot add or update a child row: a foreign key constraint fails (`medconnect`.`notification_log`, CONSTRAINT `notification_log_ibfk_1` FOREIGN KEY (`user_id`) REFERENCES `users` (`id`) ON DELETE CASCADE)
[07-Feb-2026 07:13:06 Europe/Berlin] PHP Warning:  Cannot modify header information - headers already sent by (output started at C:\xampp\htdocs\medconnect\debug_incoming_requests.php:13) in C:\xampp\htdocs\medconnect\doctor_api.php on line 18
[07-Feb-2026 07:13:06 Europe/Berlin] PHP Warning:  Cannot modify header information - headers already sent by (output started at C:\xampp\htdocs\medconnect\debug_incoming_requests.php:13) in C:\xampp\htdocs\medconnect\doctor_api.php on line 19
[07-Feb-2026 07:13:06 Europe/Berlin] PHP Fatal error:  Uncaught Error: mysqli object is already closed in C:\xampp\htdocs\medconnect\debug_incoming_requests.php:61
Stack trace:
#0 C:\xampp\htdocs\medconnect\debug_incoming_requests.php(61): mysqli->query('\r\n    SELECT id...')
#1 {main}
  thrown in C:\xampp\htdocs\medconnect\debug_incoming_requests.php on line 61
[07-Feb-2026 07:13:49 Europe/Berlin] PHP Warning:  Cannot modify header information - headers already sent by (output started at C:\xampp\htdocs\medconnect\debug_incoming_requests.php:13) in C:\xampp\htdocs\medconnect\doctor_api.php on line 18
[07-Feb-2026 07:13:49 Europe/Berlin] PHP Warning:  Cannot modify header information - headers already sent by (output started at C:\xampp\htdocs\medconnect\debug_incoming_requests.php:13) in C:\xampp\htdocs\medconnect\doctor_api.php on line 19
[07-Feb-2026 07:13:49 Europe/Berlin] PHP Fatal error:  Uncaught Error: mysqli object is already closed in C:\xampp\htdocs\medconnect\debug_incoming_requests.php:61
Stack trace:
#0 C:\xampp\htdocs\medconnect\debug_incoming_requests.php(61): mysqli->query('\r\n    SELECT id...')
#1 {main}
  thrown in C:\xampp\htdocs\medconnect\debug_incoming_requests.php on line 61
[07-Feb-2026 07:14:35 Europe/Berlin] PHP Warning:  mail(): Failed to connect to mailserver at &quot;localhost&quot; port 25, verify your &quot;SMTP&quot; and &quot;smtp_port&quot; setting in php.ini or use ini_set() in C:\xampp\htdocs\medconnect\notification_service.php on line 75
[07-Feb-2026 07:14:35 Europe/Berlin] Failed to log notification: Cannot add or update a child row: a foreign key constraint fails (`medconnect`.`notification_log`, CONSTRAINT `notification_log_ibfk_1` FOREIGN KEY (`user_id`) REFERENCES `users` (`id`) ON DELETE CASCADE)
[07-Feb-2026 07:20:37 Europe/Berlin] PHP Warning:  Cannot modify header information - headers already sent by (output started at C:\xampp\htdocs\medconnect\debug_incoming_requests.php:13) in C:\xampp\htdocs\medconnect\doctor_api.php on line 18
[07-Feb-2026 07:20:37 Europe/Berlin] PHP Warning:  Cannot modify header information - headers already sent by (output started at C:\xampp\htdocs\medconnect\debug_incoming_requests.php:13) in C:\xampp\htdocs\medconnect\doctor_api.php on line 19
[07-Feb-2026 07:20:37 Europe/Berlin] PHP Fatal error:  Uncaught Error: mysqli object is already closed in C:\xampp\htdocs\medconnect\debug_incoming_requests.php:61
Stack trace:
#0 C:\xampp\htdocs\medconnect\debug_incoming_requests.php(61): mysqli->query('\r\n    SELECT id...')
#1 {main}
  thrown in C:\xampp\htdocs\medconnect\debug_incoming_requests.php on line 61
[07-Feb-2026 07:21:59 Europe/Berlin] PHP Warning:  mail(): Failed to connect to mailserver at &quot;localhost&quot; port 25, verify your &quot;SMTP&quot; and &quot;smtp_port&quot; setting in php.ini or use ini_set() in C:\xampp\htdocs\medconnect\notification_service.php on line 75
[07-Feb-2026 07:21:59 Europe/Berlin] Failed to log notification: Cannot add or update a child row: a foreign key constraint fails (`medconnect`.`notification_log`, CONSTRAINT `notification_log_ibfk_1` FOREIGN KEY (`user_id`) REFERENCES `users` (`id`) ON DELETE CASCADE)
[07-Feb-2026 07:23:00 Europe/Berlin] Prescription save input: {"action":"save_prescription","consultation_id":"34","patient_id":"21","icd_code":"","diagnosis":"blood test","medicines":[{"name":"paracetamol","dosage":"500","frequency":"3","duration":"7","quantity":"1","instructions":""}],"tests":[],"follow_up_date":"2026-03-06","notes_for_patient":"pls folooew","notes_for_pharmacy":"pls follow"}
[07-Feb-2026 07:23:00 Europe/Berlin] Prescription created with ID: 1
[07-Feb-2026 07:23:00 Europe/Berlin] Prescription saved successfully: ID 1
[07-Feb-2026 07:31:20 Europe/Berlin] PHP Warning:  mail(): Failed to connect to mailserver at &quot;localhost&quot; port 25, verify your &quot;SMTP&quot; and &quot;smtp_port&quot; setting in php.ini or use ini_set() in C:\xampp\htdocs\medconnect\notification_service.php on line 75
[07-Feb-2026 07:31:20 Europe/Berlin] Failed to log notification: Cannot add or update a child row: a foreign key constraint fails (`medconnect`.`notification_log`, CONSTRAINT `notification_log_ibfk_1` FOREIGN KEY (`user_id`) REFERENCES `users` (`id`) ON DELETE CASCADE)
[07-Feb-2026 08:01:36 Europe/Berlin] PHP Warning:  mail(): Failed to connect to mailserver at &quot;localhost&quot; port 25, verify your &quot;SMTP&quot; and &quot;smtp_port&quot; setting in php.ini or use ini_set() in C:\xampp\htdocs\medconnect\notification_service.php on line 75
[07-Feb-2026 08:01:36 Europe/Berlin] Failed to log notification: Cannot add or update a child row: a foreign key constraint fails (`medconnect`.`notification_log`, CONSTRAINT `notification_log_ibfk_1` FOREIGN KEY (`user_id`) REFERENCES `users` (`id`) ON DELETE CASCADE)
[07-Feb-2026 08:29:57 Europe/Berlin] PHP Warning:  mail(): Failed to connect to mailserver at &quot;localhost&quot; port 25, verify your &quot;SMTP&quot; and &quot;smtp_port&quot; setting in php.ini or use ini_set() in C:\xampp\htdocs\medconnect\notification_service.php on line 75
[07-Feb-2026 08:29:57 Europe/Berlin] Failed to log notification: Cannot add or update a child row: a foreign key constraint fails (`medconnect`.`notification_log`, CONSTRAINT `notification_log_ibfk_1` FOREIGN KEY (`user_id`) REFERENCES `users` (`id`) ON DELETE CASCADE)
[07-Feb-2026 08:45:57 Europe/Berlin] Prescription save input: {"consultation_id":40,"patient_id":21,"diagnosis":"blood tset","medicines":[{"name":"paracetamol","dosage":"500","frequency":"Three Times Daily","duration":"5","instructions":"after food","quantity":1}],"tests":[],"follow_up_date":null,"notes_for_patient":"after food","notes_for_pharmacy":""}
[07-Feb-2026 08:46:02 Europe/Berlin] Prescription created with ID: 2
[07-Feb-2026 08:46:02 Europe/Berlin] Prescription saved successfully: ID 2
[07-Feb-2026 08:46:04 Europe/Berlin] Prescription save input: {"consultation_id":40,"patient_id":21,"diagnosis":"blood tset","medicines":[{"name":"paracetamol","dosage":"500","frequency":"Three Times Daily","duration":"5","instructions":"after food","quantity":1}],"tests":[],"follow_up_date":null,"notes_for_patient":"after food","notes_for_pharmacy":""}
[07-Feb-2026 08:46:04 Europe/Berlin] Prescription created with ID: 3
[07-Feb-2026 08:46:04 Europe/Berlin] Prescription saved successfully: ID 3
[07-Feb-2026 10:33:20 Europe/Berlin] PHP Warning:  mail(): Failed to connect to mailserver at &quot;localhost&quot; port 25, verify your &quot;SMTP&quot; and &quot;smtp_port&quot; setting in php.ini or use ini_set() in C:\xampp\htdocs\medconnect\notification_service.php on line 75
[07-Feb-2026 10:33:20 Europe/Berlin] Failed to log notification: Cannot add or update a child row: a foreign key constraint fails (`medconnect`.`notification_log`, CONSTRAINT `notification_log_ibfk_1` FOREIGN KEY (`user_id`) REFERENCES `users` (`id`) ON DELETE CASCADE)
[07-Feb-2026 10:33:28 Europe/Berlin] PHP Warning:  mail(): Failed to connect to mailserver at &quot;localhost&quot; port 25, verify your &quot;SMTP&quot; and &quot;smtp_port&quot; setting in php.ini or use ini_set() in C:\xampp\htdocs\medconnect\notification_service.php on line 75
[07-Feb-2026 10:33:28 Europe/Berlin] Failed to log notification: Cannot add or update a child row: a foreign key constraint fails (`medconnect`.`notification_log`, CONSTRAINT `notification_log_ibfk_1` FOREIGN KEY (`user_id`) REFERENCES `users` (`id`) ON DELETE CASCADE)
[07-Feb-2026 10:43:24 Europe/Berlin] PHP Warning:  mail(): Failed to connect to mailserver at &quot;localhost&quot; port 25, verify your &quot;SMTP&quot; and &quot;smtp_port&quot; setting in php.ini or use ini_set() in C:\xampp\htdocs\medconnect\notification_service.php on line 75
[07-Feb-2026 10:43:24 Europe/Berlin] Failed to log notification: Cannot add or update a child row: a foreign key constraint fails (`medconnect`.`notification_log`, CONSTRAINT `notification_log_ibfk_1` FOREIGN KEY (`user_id`) REFERENCES `users` (`id`) ON DELETE CASCADE)
[07-Feb-2026 10:45:48 Europe/Berlin] PHP Warning:  mail(): Failed to connect to mailserver at &quot;localhost&quot; port 25, verify your &quot;SMTP&quot; and &quot;smtp_port&quot; setting in php.ini or use ini_set() in C:\xampp\htdocs\medconnect\notification_service.php on line 75
[07-Feb-2026 10:45:48 Europe/Berlin] Failed to log notification: Cannot add or update a child row: a foreign key constraint fails (`medconnect`.`notification_log`, CONSTRAINT `notification_log_ibfk_1` FOREIGN KEY (`user_id`) REFERENCES `users` (`id`) ON DELETE CASCADE)
[07-Feb-2026 10:45:48 Europe/Berlin] PHP Warning:  Undefined variable $grossAmount in C:\xampp\htdocs\medconnect\doctor_api.php on line 1189
[07-Feb-2026 10:45:48 Europe/Berlin] PHP Warning:  Undefined variable $commissionAmount in C:\xampp\htdocs\medconnect\doctor_api.php on line 1190
[07-Feb-2026 10:45:48 Europe/Berlin] PHP Warning:  Undefined variable $netAmount in C:\xampp\htdocs\medconnect\doctor_api.php on line 1191
[07-Feb-2026 10:49:21 Europe/Berlin] PHP Warning:  mail(): Failed to connect to mailserver at &quot;localhost&quot; port 25, verify your &quot;SMTP&quot; and &quot;smtp_port&quot; setting in php.ini or use ini_set() in C:\xampp\htdocs\medconnect\notification_service.php on line 75
[07-Feb-2026 10:49:21 Europe/Berlin] Failed to log notification: Cannot add or update a child row: a foreign key constraint fails (`medconnect`.`notification_log`, CONSTRAINT `notification_log_ibfk_1` FOREIGN KEY (`user_id`) REFERENCES `users` (`id`) ON DELETE CASCADE)
[07-Feb-2026 10:54:02 Europe/Berlin] PHP Warning:  mail(): Failed to connect to mailserver at &quot;localhost&quot; port 25, verify your &quot;SMTP&quot; and &quot;smtp_port&quot; setting in php.ini or use ini_set() in C:\xampp\htdocs\medconnect\notification_service.php on line 75
[07-Feb-2026 10:54:02 Europe/Berlin] Failed to log notification: Cannot add or update a child row: a foreign key constraint fails (`medconnect`.`notification_log`, CONSTRAINT `notification_log_ibfk_1` FOREIGN KEY (`user_id`) REFERENCES `users` (`id`) ON DELETE CASCADE)
[07-Feb-2026 10:54:02 Europe/Berlin] PHP Warning:  Undefined variable $grossAmount in C:\xampp\htdocs\medconnect\doctor_api.php on line 1189
[07-Feb-2026 10:54:02 Europe/Berlin] PHP Warning:  Undefined variable $commissionAmount in C:\xampp\htdocs\medconnect\doctor_api.php on line 1190
[07-Feb-2026 10:54:02 Europe/Berlin] PHP Warning:  Undefined variable $netAmount in C:\xampp\htdocs\medconnect\doctor_api.php on line 1191
[07-Feb-2026 11:04:34 Europe/Berlin] PHP Warning:  mail(): Failed to connect to mailserver at &quot;localhost&quot; port 25, verify your &quot;SMTP&quot; and &quot;smtp_port&quot; setting in php.ini or use ini_set() in C:\xampp\htdocs\medconnect\notification_service.php on line 75
[07-Feb-2026 11:04:34 Europe/Berlin] Failed to log notification: Cannot add or update a child row: a foreign key constraint fails (`medconnect`.`notification_log`, CONSTRAINT `notification_log_ibfk_1` FOREIGN KEY (`user_id`) REFERENCES `users` (`id`) ON DELETE CASCADE)
[07-Feb-2026 11:06:13 Europe/Berlin] Prescription save input: {"action":"save_prescription","consultation_id":"46","patient_id":"21","icd_code":"","diagnosis":"blood test","medicines":[],"tests":[],"follow_up_date":"2026-02-20","notes_for_patient":"follow","notes_for_pharmacy":"follow"}
[07-Feb-2026 11:06:13 Europe/Berlin] Prescription created with ID: 4
[07-Feb-2026 11:06:13 Europe/Berlin] Prescription saved successfully: ID 4
[07-Feb-2026 11:07:42 Europe/Berlin] PHP Warning:  mail(): Failed to connect to mailserver at &quot;localhost&quot; port 25, verify your &quot;SMTP&quot; and &quot;smtp_port&quot; setting in php.ini or use ini_set() in C:\xampp\htdocs\medconnect\notification_service.php on line 75
[07-Feb-2026 11:07:42 Europe/Berlin] Failed to log notification: Cannot add or update a child row: a foreign key constraint fails (`medconnect`.`notification_log`, CONSTRAINT `notification_log_ibfk_1` FOREIGN KEY (`user_id`) REFERENCES `users` (`id`) ON DELETE CASCADE)
[07-Feb-2026 11:07:42 Europe/Berlin] PHP Warning:  Undefined variable $grossAmount in C:\xampp\htdocs\medconnect\doctor_api.php on line 1189
[07-Feb-2026 11:07:42 Europe/Berlin] PHP Warning:  Undefined variable $commissionAmount in C:\xampp\htdocs\medconnect\doctor_api.php on line 1190
[07-Feb-2026 11:07:42 Europe/Berlin] PHP Warning:  Undefined variable $netAmount in C:\xampp\htdocs\medconnect\doctor_api.php on line 1191
[07-Feb-2026 11:09:25 Europe/Berlin] PHP Warning:  mail(): Failed to connect to mailserver at &quot;localhost&quot; port 25, verify your &quot;SMTP&quot; and &quot;smtp_port&quot; setting in php.ini or use ini_set() in C:\xampp\htdocs\medconnect\notification_service.php on line 75
[07-Feb-2026 11:09:25 Europe/Berlin] Failed to log notification: Cannot add or update a child row: a foreign key constraint fails (`medconnect`.`notification_log`, CONSTRAINT `notification_log_ibfk_1` FOREIGN KEY (`user_id`) REFERENCES `users` (`id`) ON DELETE CASCADE)
[07-Feb-2026 11:09:32 Europe/Berlin] PHP Warning:  mail(): Failed to connect to mailserver at &quot;localhost&quot; port 25, verify your &quot;SMTP&quot; and &quot;smtp_port&quot; setting in php.ini or use ini_set() in C:\xampp\htdocs\medconnect\notification_service.php on line 75
[07-Feb-2026 11:09:32 Europe/Berlin] Failed to log notification: Cannot add or update a child row: a foreign key constraint fails (`medconnect`.`notification_log`, CONSTRAINT `notification_log_ibfk_1` FOREIGN KEY (`user_id`) REFERENCES `users` (`id`) ON DELETE CASCADE)
[07-Feb-2026 11:11:10 Europe/Berlin] Prescription save input: {"action":"save_prescription","consultation_id":"41","patient_id":"21","icd_code":"","diagnosis":"blood tset","medicines":[{"name":"paracetamol","dosage":"500","frequency":"8","duration":"9","quantity":"1","instructions":""}],"tests":[],"follow_up_date":"2026-02-28","notes_for_patient":"follow","notes_for_pharmacy":"follow\n"}
[07-Feb-2026 11:11:10 Europe/Berlin] Prescription created with ID: 5
[07-Feb-2026 11:11:10 Europe/Berlin] Prescription saved successfully: ID 5
[07-Feb-2026 11:11:16 Europe/Berlin] PHP Warning:  mail(): Failed to connect to mailserver at &quot;localhost&quot; port 25, verify your &quot;SMTP&quot; and &quot;smtp_port&quot; setting in php.ini or use ini_set() in C:\xampp\htdocs\medconnect\notification_service.php on line 75
[07-Feb-2026 11:11:16 Europe/Berlin] Failed to log notification: Cannot add or update a child row: a foreign key constraint fails (`medconnect`.`notification_log`, CONSTRAINT `notification_log_ibfk_1` FOREIGN KEY (`user_id`) REFERENCES `users` (`id`) ON DELETE CASCADE)
[07-Feb-2026 11:11:16 Europe/Berlin] PHP Warning:  Undefined variable $grossAmount in C:\xampp\htdocs\medconnect\doctor_api.php on line 1189
[07-Feb-2026 11:11:16 Europe/Berlin] PHP Warning:  Undefined variable $commissionAmount in C:\xampp\htdocs\medconnect\doctor_api.php on line 1190
[07-Feb-2026 11:11:16 Europe/Berlin] PHP Warning:  Undefined variable $netAmount in C:\xampp\htdocs\medconnect\doctor_api.php on line 1191
[07-Feb-2026 11:12:55 Europe/Berlin] Prescription save input: {"consultation_id":47,"patient_id":21,"diagnosis":"blood tset","medicines":[{"name":"paracetamol","dosage":"500","frequency":"Twice Daily","duration":"5","instructions":"after food","quantity":1}],"tests":[],"follow_up_date":null,"notes_for_patient":"after food","notes_for_pharmacy":""}
[07-Feb-2026 11:12:55 Europe/Berlin] Prescription created with ID: 6
[07-Feb-2026 11:12:55 Europe/Berlin] Prescription saved successfully: ID 6
[07-Feb-2026 11:13:34 Europe/Berlin] PHP Warning:  mail(): Failed to connect to mailserver at &quot;localhost&quot; port 25, verify your &quot;SMTP&quot; and &quot;smtp_port&quot; setting in php.ini or use ini_set() in C:\xampp\htdocs\medconnect\notification_service.php on line 75
[07-Feb-2026 11:13:34 Europe/Berlin] Failed to log notification: Cannot add or update a child row: a foreign key constraint fails (`medconnect`.`notification_log`, CONSTRAINT `notification_log_ibfk_1` FOREIGN KEY (`user_id`) REFERENCES `users` (`id`) ON DELETE CASCADE)
[07-Feb-2026 11:13:34 Europe/Berlin] PHP Warning:  Undefined variable $grossAmount in C:\xampp\htdocs\medconnect\doctor_api.php on line 1189
[07-Feb-2026 11:13:34 Europe/Berlin] PHP Warning:  Undefined variable $commissionAmount in C:\xampp\htdocs\medconnect\doctor_api.php on line 1190
[07-Feb-2026 11:13:34 Europe/Berlin] PHP Warning:  Undefined variable $netAmount in C:\xampp\htdocs\medconnect\doctor_api.php on line 1191
[07-Feb-2026 14:09:58 Europe/Berlin] PHP Warning:  mail(): Failed to connect to mailserver at &quot;localhost&quot; port 25, verify your &quot;SMTP&quot; and &quot;smtp_port&quot; setting in php.ini or use ini_set() in C:\xampp\htdocs\medconnect\notification_service.php on line 75
[07-Feb-2026 14:09:58 Europe/Berlin] Failed to log notification: Cannot add or update a child row: a foreign key constraint fails (`medconnect`.`notification_log`, CONSTRAINT `notification_log_ibfk_1` FOREIGN KEY (`user_id`) REFERENCES `users` (`id`) ON DELETE CASCADE)
[07-Feb-2026 14:11:07 Europe/Berlin] PHP Warning:  mail(): Failed to connect to mailserver at &quot;localhost&quot; port 25, verify your &quot;SMTP&quot; and &quot;smtp_port&quot; setting in php.ini or use ini_set() in C:\xampp\htdocs\medconnect\notification_service.php on line 75
[07-Feb-2026 14:11:07 Europe/Berlin] Failed to log notification: Cannot add or update a child row: a foreign key constraint fails (`medconnect`.`notification_log`, CONSTRAINT `notification_log_ibfk_1` FOREIGN KEY (`user_id`) REFERENCES `users` (`id`) ON DELETE CASCADE)
[07-Feb-2026 14:11:07 Europe/Berlin] PHP Warning:  Undefined variable $grossAmount in C:\xampp\htdocs\medconnect\doctor_api.php on line 1189
[07-Feb-2026 14:11:07 Europe/Berlin] PHP Warning:  Undefined variable $commissionAmount in C:\xampp\htdocs\medconnect\doctor_api.php on line 1190
[07-Feb-2026 14:11:07 Europe/Berlin] PHP Warning:  Undefined variable $netAmount in C:\xampp\htdocs\medconnect\doctor_api.php on line 1191
[07-Feb-2026 14:21:30 Europe/Berlin] PHP Warning:  mail(): Failed to connect to mailserver at &quot;localhost&quot; port 25, verify your &quot;SMTP&quot; and &quot;smtp_port&quot; setting in php.ini or use ini_set() in C:\xampp\htdocs\medconnect\notification_service.php on line 75
[07-Feb-2026 14:21:30 Europe/Berlin] Failed to log notification: Cannot add or update a child row: a foreign key constraint fails (`medconnect`.`notification_log`, CONSTRAINT `notification_log_ibfk_1` FOREIGN KEY (`user_id`) REFERENCES `users` (`id`) ON DELETE CASCADE)
[07-Feb-2026 14:24:34 Europe/Berlin] PHP Warning:  mail(): Failed to connect to mailserver at &quot;localhost&quot; port 25, verify your &quot;SMTP&quot; and &quot;smtp_port&quot; setting in php.ini or use ini_set() in C:\xampp\htdocs\medconnect\notification_service.php on line 75
[07-Feb-2026 14:24:34 Europe/Berlin] Failed to log notification: Cannot add or update a child row: a foreign key constraint fails (`medconnect`.`notification_log`, CONSTRAINT `notification_log_ibfk_1` FOREIGN KEY (`user_id`) REFERENCES `users` (`id`) ON DELETE CASCADE)
[07-Feb-2026 14:24:34 Europe/Berlin] PHP Warning:  Undefined variable $grossAmount in C:\xampp\htdocs\medconnect\doctor_api.php on line 1189
[07-Feb-2026 14:24:34 Europe/Berlin] PHP Warning:  Undefined variable $commissionAmount in C:\xampp\htdocs\medconnect\doctor_api.php on line 1190
[07-Feb-2026 14:24:34 Europe/Berlin] PHP Warning:  Undefined variable $netAmount in C:\xampp\htdocs\medconnect\doctor_api.php on line 1191
[07-Feb-2026 14:26:38 Europe/Berlin] PHP Warning:  mail(): Failed to connect to mailserver at &quot;localhost&quot; port 25, verify your &quot;SMTP&quot; and &quot;smtp_port&quot; setting in php.ini or use ini_set() in C:\xampp\htdocs\medconnect\notification_service.php on line 75
[07-Feb-2026 14:26:38 Europe/Berlin] Failed to log notification: Cannot add or update a child row: a foreign key constraint fails (`medconnect`.`notification_log`, CONSTRAINT `notification_log_ibfk_1` FOREIGN KEY (`user_id`) REFERENCES `users` (`id`) ON DELETE CASCADE)
[07-Feb-2026 14:28:44 Europe/Berlin] PHP Warning:  mail(): Failed to connect to mailserver at &quot;localhost&quot; port 25, verify your &quot;SMTP&quot; and &quot;smtp_port&quot; setting in php.ini or use ini_set() in C:\xampp\htdocs\medconnect\notification_service.php on line 75
[07-Feb-2026 14:28:44 Europe/Berlin] Failed to log notification: Cannot add or update a child row: a foreign key constraint fails (`medconnect`.`notification_log`, CONSTRAINT `notification_log_ibfk_1` FOREIGN KEY (`user_id`) REFERENCES `users` (`id`) ON DELETE CASCADE)
[07-Feb-2026 14:28:44 Europe/Berlin] PHP Warning:  Undefined variable $grossAmount in C:\xampp\htdocs\medconnect\doctor_api.php on line 1189
[07-Feb-2026 14:28:44 Europe/Berlin] PHP Warning:  Undefined variable $commissionAmount in C:\xampp\htdocs\medconnect\doctor_api.php on line 1190
[07-Feb-2026 14:28:44 Europe/Berlin] PHP Warning:  Undefined variable $netAmount in C:\xampp\htdocs\medconnect\doctor_api.php on line 1191
[08-Feb-2026 06:00:15 Europe/Berlin] PHP Warning:  mail(): Failed to connect to mailserver at &quot;localhost&quot; port 25, verify your &quot;SMTP&quot; and &quot;smtp_port&quot; setting in php.ini or use ini_set() in C:\xampp\htdocs\medconnect\notification_service.php on line 75
[08-Feb-2026 06:00:15 Europe/Berlin] Failed to log notification: Cannot add or update a child row: a foreign key constraint fails (`medconnect`.`notification_log`, CONSTRAINT `notification_log_ibfk_1` FOREIGN KEY (`user_id`) REFERENCES `users` (`id`) ON DELETE CASCADE)
[08-Feb-2026 06:01:23 Europe/Berlin] PHP Warning:  mail(): Failed to connect to mailserver at &quot;localhost&quot; port 25, verify your &quot;SMTP&quot; and &quot;smtp_port&quot; setting in php.ini or use ini_set() in C:\xampp\htdocs\medconnect\notification_service.php on line 75
[08-Feb-2026 06:01:23 Europe/Berlin] Failed to log notification: Cannot add or update a child row: a foreign key constraint fails (`medconnect`.`notification_log`, CONSTRAINT `notification_log_ibfk_1` FOREIGN KEY (`user_id`) REFERENCES `users` (`id`) ON DELETE CASCADE)
[08-Feb-2026 06:01:23 Europe/Berlin] PHP Warning:  Undefined variable $grossAmount in C:\xampp\htdocs\medconnect\doctor_api.php on line 1189
[08-Feb-2026 06:01:23 Europe/Berlin] PHP Warning:  Undefined variable $commissionAmount in C:\xampp\htdocs\medconnect\doctor_api.php on line 1190
[08-Feb-2026 06:01:23 Europe/Berlin] PHP Warning:  Undefined variable $netAmount in C:\xampp\htdocs\medconnect\doctor_api.php on line 1191
[08-Feb-2026 06:04:24 Europe/Berlin] PHP Warning:  mail(): Failed to connect to mailserver at &quot;localhost&quot; port 25, verify your &quot;SMTP&quot; and &quot;smtp_port&quot; setting in php.ini or use ini_set() in C:\xampp\htdocs\medconnect\notification_service.php on line 75
[08-Feb-2026 06:04:24 Europe/Berlin] Failed to log notification: Cannot add or update a child row: a foreign key constraint fails (`medconnect`.`notification_log`, CONSTRAINT `notification_log_ibfk_1` FOREIGN KEY (`user_id`) REFERENCES `users` (`id`) ON DELETE CASCADE)
